
Testing https://filmydock-backend.onrender.com/api/auth/login...
Error: Request failed with status code 401
Response Status: 401
Response Data: {"message":"No Token Provided"}
